// Jest Snapshot v1, https://goo.gl/fbAQLP

exports[`App should render successfully 1`] = `
<div>
  <div
    class="App"
  >
    <div
      class="container"
    >
      <input
        placeholder="Add an item"
        value=""
      />
      <ul />
    </div>
  </div>
</div>
`;
